
> helixn@0.1.0 build
> next build --turbopack

node.exe :  ΓÜá Mismatching @next/swc version, detected: 15.5.7 while Next.js is on 15.5.11. Please ensure these match
At C:\Program Files\nodejs\npm.ps1:29 char:3
+   & $NODE_EXE $NPM_CLI_JS $args
+   ~~~~~~~~~~~~~~~~~~~~~~~~~~~~~
    + CategoryInfo          : NotSpecified: ( ΓÜá Mismatchin...ure these match:String) [], RemoteException
    + FullyQualifiedErrorId : NativeCommandError
 
 ΓÜá Warning: Next.js inferred your workspace root, but it may not be correct.
 We detected multiple lockfiles and selected the directory of D:\vscodes\company\package-lock.json as the root 
directory.
 To silence this warning, set `turbopack.root` in your Next.js config, or consider removing one of the lockfiles if 
it's not needed.
   See https://nextjs.org/docs/app/api-reference/config/next-config-js/turbopack#root-directory for more information.
 Detected additional lockfiles: 
   * D:\vscodes\company\helix\frontend\package-lock.json
   * D:\vscodes\company\helix\package-lock.json

   Γû▓ Next.js 15.5.11 (Turbopack)
   - Environments: .env

   Creating an optimized production build ...
 ΓÜá Mismatching @next/swc version, detected: 15.5.7 while Next.js is on 15.5.11. Please ensure these match
 Γ£ô Finished writing to disk in 87ms
 Γ£ô Compiled successfully in 13.3s
   Linting and checking validity of types ...

Failed to compile.

./src/app/(auth)/login/page.tsx
2:25  Warning: 'Sign_in_hover' is defined but never used.  @typescript-eslint/no-unused-vars
5:14  Warning: The `{}` ("empty object") type allows any non-nullish value, including literals like `0` and `""`.
- If that's what you want, disable this lint rule with an inline comment or configure the 'allowObjectTypes' rule 
option.
- If you want a type meaning "any object", you probably want `object` instead.
- If you want a type meaning "any value", you probably want `unknown` instead.  @typescript-eslint/no-empty-object-type
7:20  Warning: 'props' is defined but never used.  @typescript-eslint/no-unused-vars

./src/app/(home)/(categories)/adventures/page.tsx
2:10  Warning: 'cn' is defined but never used.  @typescript-eslint/no-unused-vars
3:10  Warning: 'Suspense' is defined but never used.  @typescript-eslint/no-unused-vars
4:10  Warning: 'ErrorBoundary' is defined but never used.  @typescript-eslint/no-unused-vars
5:8  Warning: 'AdventureFramePage' is defined but never used.  @typescript-eslint/no-unused-vars
7:10  Warning: 'PageSkeleton' is defined but never used.  @typescript-eslint/no-unused-vars
8:10  Warning: 'MessageModal' is defined but never used.  @typescript-eslint/no-unused-vars
10:8  Warning: 'AdventureSection' is defined but never used.  @typescript-eslint/no-unused-vars
11:10  Warning: 'OnlyCarousel' is defined but never used.  @typescript-eslint/no-unused-vars
12:10  Warning: 'PopularDestinationCarousel' is defined but never used.  @typescript-eslint/no-unused-vars
30:54  Warning: 'className' is defined but never used.  @typescript-eslint/no-unused-vars
33:9  Warning: 'ismobile' is assigned a value but never used.  @typescript-eslint/no-unused-vars

./src/app/(home)/(categories)/adventures/_components/activityDummy.tsx
29:33  Warning: Using `<img>` could result in slower LCP and higher bandwidth. Consider using `<Image />` from 
`next/image` or a custom image loader to automatically optimize images. This may incur additional usage or cost from 
your provider. See: https://nextjs.org/docs/messages/no-img-element  @next/next/no-img-element

./src/app/(home)/(categories)/buses/page.tsx
2:10  Warning: 'cn' is defined but never used.  @typescript-eslint/no-unused-vars
3:17  Warning: 'Suspense' is defined but never used.  @typescript-eslint/no-unused-vars
4:10  Warning: 'ErrorBoundary' is defined but never used.  @typescript-eslint/no-unused-vars
5:8  Warning: 'MainFramePage' is defined but never used.  @typescript-eslint/no-unused-vars
7:10  Warning: 'MessageModal' is defined but never used.  @typescript-eslint/no-unused-vars
8:10  Warning: 'PageSkeleton' is defined but never used.  @typescript-eslint/no-unused-vars
58:17  Warning: 'className' is defined but never used.  @typescript-eslint/no-unused-vars

./src/app/(home)/(categories)/cabs/page.tsx
2:10  Warning: 'cn' is defined but never used.  @typescript-eslint/no-unused-vars
3:17  Warning: 'Suspense' is defined but never used.  @typescript-eslint/no-unused-vars
4:10  Warning: 'ErrorBoundary' is defined but never used.  @typescript-eslint/no-unused-vars
5:8  Warning: 'MainFramePage' is defined but never used.  @typescript-eslint/no-unused-vars
7:10  Warning: 'MessageModal' is defined but never used.  @typescript-eslint/no-unused-vars
8:10  Warning: 'PageSkeleton' is defined but never used.  @typescript-eslint/no-unused-vars
58:17  Warning: 'className' is defined but never used.  @typescript-eslint/no-unused-vars

./src/app/(home)/(categories)/flights/page.tsx
2:10  Warning: 'cn' is defined but never used.  @typescript-eslint/no-unused-vars
3:17  Warning: 'Suspense' is defined but never used.  @typescript-eslint/no-unused-vars
4:10  Warning: 'ErrorBoundary' is defined but never used.  @typescript-eslint/no-unused-vars
5:8  Warning: 'MainFramePage' is defined but never used.  @typescript-eslint/no-unused-vars
7:10  Warning: 'MessageModal' is defined but never used.  @typescript-eslint/no-unused-vars
8:10  Warning: 'PageSkeleton' is defined but never used.  @typescript-eslint/no-unused-vars
58:17  Warning: 'className' is defined but never used.  @typescript-eslint/no-unused-vars

./src/app/(home)/(categories)/hotels/find/page.tsx
10:10  Warning: 'IconArrowRampRight' is defined but never used.  @typescript-eslint/no-unused-vars
11:10  Warning: 'Button' is defined but never used.  @typescript-eslint/no-unused-vars

./src/app/(home)/(categories)/hotels/find/_components/CardCompo.tsx
346:8  Warning: 'NProgress' is defined but never used.  @typescript-eslint/no-unused-vars
383:13  Warning: Using `<img>` could result in slower LCP and higher bandwidth. Consider using `<Image />` from 
`next/image` or a custom image loader to automatically optimize images. This may incur additional usage or cost from 
your provider. See: https://nextjs.org/docs/messages/no-img-element  @next/next/no-img-element
517:11  Warning: Using `<img>` could result in slower LCP and higher bandwidth. Consider using `<Image />` from 
`next/image` or a custom image loader to automatically optimize images. This may incur additional usage or cost from 
your provider. See: https://nextjs.org/docs/messages/no-img-element  @next/next/no-img-element

./src/app/(home)/(categories)/hotels/find/_components/combobox-multiple.tsx
24:36  Warning: 'className' is defined but never used.  @typescript-eslint/no-unused-vars

./src/app/(home)/(categories)/hotels/find/_components/content.tsx
5:10  Warning: 'ComboboxMultiple' is defined but never used.  @typescript-eslint/no-unused-vars
13:10  Warning: 'ScrollToTop' is defined but never used.  @typescript-eslint/no-unused-vars
18:14  Warning: The `{}` ("empty object") type allows any non-nullish value, including literals like `0` and `""`.
- If that's what you want, disable this lint rule with an inline comment or configure the 'allowObjectTypes' rule 
option.
- If you want a type meaning "any object", you probably want `object` instead.
- If you want a type meaning "any value", you probably want `unknown` instead.  @typescript-eslint/no-empty-object-type
20:30  Warning: 'props' is defined but never used.  @typescript-eslint/no-unused-vars
23:17  Warning: 'setCity' is assigned a value but never used.  @typescript-eslint/no-unused-vars
24:10  Warning: 'open' is assigned a value but never used.  @typescript-eslint/no-unused-vars
107:37  Warning: Unexpected any. Specify a different type.  @typescript-eslint/no-explicit-any
109:43  Warning: Unexpected any. Specify a different type.  @typescript-eslint/no-explicit-any
110:23  Warning: Unexpected any. Specify a different type.  @typescript-eslint/no-explicit-any

./src/app/(home)/(categories)/hotels/find/_components/sheetNavigation.tsx
1:10  Warning: 'Button' is defined but never used.  @typescript-eslint/no-unused-vars
2:10  Warning: 'Input' is defined but never used.  @typescript-eslint/no-unused-vars
3:10  Warning: 'Label' is defined but never used.  @typescript-eslint/no-unused-vars
6:3  Warning: 'SheetClose' is defined but never used.  @typescript-eslint/no-unused-vars
8:3  Warning: 'SheetDescription' is defined but never used.  @typescript-eslint/no-unused-vars
9:3  Warning: 'SheetFooter' is defined but never used.  @typescript-eslint/no-unused-vars
10:3  Warning: 'SheetHeader' is defined but never used.  @typescript-eslint/no-unused-vars
11:3  Warning: 'SheetTitle' is defined but never used.  @typescript-eslint/no-unused-vars

./src/app/(home)/(categories)/hotels/page.tsx
7:10  Warning: 'useGetNewHotels' is defined but never used.  @typescript-eslint/no-unused-vars
10:8  Warning: 'HotelSearch' is defined but never used.  @typescript-eslint/no-unused-vars

./src/app/(home)/(categories)/hotels/search-.tsx
14:8  Warning: 'NProgress' is defined but never used.  @typescript-eslint/no-unused-vars
19:9  Warning: 'active' is assigned a value but never used.  @typescript-eslint/no-unused-vars

./src/app/(home)/(categories)/hotels/[hotel]/page.tsx
143:10  Warning: 'Skeleton' is defined but never used.  @typescript-eslint/no-unused-vars
154:9  Warning: 'ismobile' is assigned a value but never used.  @typescript-eslint/no-unused-vars
163:11  Warning: 'date' is assigned a value but never used.  @typescript-eslint/no-unused-vars
163:17  Warning: 'guests' is assigned a value but never used.  @typescript-eslint/no-unused-vars

./src/app/(home)/(categories)/hotels/[hotel]/_components/amanities.tsx
58:3  Warning: 'Tooltip' is defined but never used.  @typescript-eslint/no-unused-vars
59:3  Warning: 'TooltipContent' is defined but never used.  @typescript-eslint/no-unused-vars
60:3  Warning: 'TooltipProvider' is defined but never used.  @typescript-eslint/no-unused-vars
61:3  Warning: 'TooltipTrigger' is defined but never used.  @typescript-eslint/no-unused-vars

./src/app/(home)/(categories)/hotels/[hotel]/_components/calander-booking.tsx
65:3  Warning: 'className' is defined but never used.  @typescript-eslint/no-unused-vars

./src/app/(home)/(categories)/hotels/[hotel]/_components/HotelItems.tsx
3:10  Warning: 'IconShare' is defined but never used.  @typescript-eslint/no-unused-vars
4:17  Warning: 'useEffect' is defined but never used.  @typescript-eslint/no-unused-vars
4:28  Warning: 'useState' is defined but never used.  @typescript-eslint/no-unused-vars
7:10  Warning: 'handleCopy' is defined but never used.  @typescript-eslint/no-unused-vars
21:3  Warning: 'loading' is defined but never used.  @typescript-eslint/no-unused-vars

./src/app/(home)/(categories)/hotels/[hotel]/_components/policies.tsx
170:13  Warning: 'data' is assigned a value but never used.  @typescript-eslint/no-unused-vars
181:15  Warning: Unexpected any. Specify a different type.  @typescript-eslint/no-explicit-any

./src/app/(home)/(categories)/hotels/[hotel]/_components/reviews.tsx
286:19  Warning: 'reviews' is assigned a value but never used.  @typescript-eslint/no-unused-vars
372:12  Warning: 'visibleCount' is assigned a value but never used.  @typescript-eslint/no-unused-vars
372:26  Warning: 'setVisibleCount' is assigned a value but never used.  @typescript-eslint/no-unused-vars
432:73  Warning: Unexpected any. Specify a different type.  @typescript-eslint/no-explicit-any

./src/app/(home)/(categories)/hotels/[hotel]/_components/room-card.tsx
816:8  Warning: 'NProgress' is defined but never used.  @typescript-eslint/no-unused-vars
834:3  Warning: 'displayPrice' is defined but never used.  @typescript-eslint/no-unused-vars
921:13  Warning: Using `<img>` could result in slower LCP and higher bandwidth. Consider using `<Image />` from 
`next/image` or a custom image loader to automatically optimize images. This may incur additional usage or cost from 
your provider. See: https://nextjs.org/docs/messages/no-img-element  @next/next/no-img-element

./src/app/(home)/(categories)/hotels/[hotel]/_components/shareComponent.tsx
3:5  Warning: 'Copy' is defined but never used.  @typescript-eslint/no-unused-vars
5:5  Warning: 'Code2' is defined but never used.  @typescript-eslint/no-unused-vars
10:5  Warning: 'MoreHorizontal' is defined but never used.  @typescript-eslint/no-unused-vars
20:10  Warning: 'Input' is defined but never used.  @typescript-eslint/no-unused-vars
21:10  Warning: 'Checkbox' is defined but never used.  @typescript-eslint/no-unused-vars
66:12  Warning: 'copied' is assigned a value but never used.  @typescript-eslint/no-unused-vars

./src/app/(home)/(categories)/hotels/[hotel]/_components/tabs.tsx
29:10  Warning: 'CometCard' is defined but never used.  @typescript-eslint/no-unused-vars
77:22  Warning: React Hook "useRef" is called conditionally. React Hooks must be called in the exact same order in 
every component render. Did you accidentally call a React Hook after an early return?  react-hooks/rules-of-hooks
193:3  Warning: 'isBookingMode' is defined but never used.  @typescript-eslint/no-unused-vars
199:17  Warning: 'guests' is assigned a value but never used.  @typescript-eslint/no-unused-vars
202:11  Warning: 'FetchRoomTypes' is assigned a value but never used.  @typescript-eslint/no-unused-vars
220:6  Warning: React Hook useEffect has a missing dependency: 'setFetch'. Either include it or remove the dependency 
array.  react-hooks/exhaustive-deps
314:3  Warning: 'methods' is defined but never used.  @typescript-eslint/no-unused-vars

./src/app/(home)/(categories)/hotels/[hotel]/_providers_context/hotel-contextProvider.tsx
55:9  Warning: The 'rooms' conditional could make the dependencies of useMemo Hook (at line 70) change on every 
render. Move it inside the useMemo callback. Alternatively, wrap the initialization of 'rooms' in its own useMemo() 
Hook.  react-hooks/exhaustive-deps

./src/app/(home)/(categories)/trains/page.tsx
2:10  Warning: 'cn' is defined but never used.  @typescript-eslint/no-unused-vars
3:17  Warning: 'Suspense' is defined but never used.  @typescript-eslint/no-unused-vars
4:10  Warning: 'ErrorBoundary' is defined but never used.  @typescript-eslint/no-unused-vars
5:8  Warning: 'MainFramePage' is defined but never used.  @typescript-eslint/no-unused-vars
7:10  Warning: 'MessageModal' is defined but never used.  @typescript-eslint/no-unused-vars
8:10  Warning: 'PageSkeleton' is defined but never used.  @typescript-eslint/no-unused-vars
58:17  Warning: 'className' is defined but never used.  @typescript-eslint/no-unused-vars

./src/app/(personal)/book/[[...slug]]/_components/paymentform.tsx
924:111  Warning: 'IndianRupee' is defined but never used.  @typescript-eslint/no-unused-vars
925:8  Warning: 'html2pdf' is defined but never used.  @typescript-eslint/no-unused-vars
935:10  Warning: 'Field' is defined but never used.  @typescript-eslint/no-unused-vars
941:10  Warning: 'Payment' is defined but never used.  @typescript-eslint/no-unused-vars
951:24  Warning: 'payments' is assigned a value but never used.  @typescript-eslint/no-unused-vars
954:9  Warning: 'navigate' is assigned a value but never used.  @typescript-eslint/no-unused-vars
1046:46  Warning: Unexpected any. Specify a different type.  @typescript-eslint/no-explicit-any
1065:36  Warning: Unexpected any. Specify a different type.  @typescript-eslint/no-explicit-any
1071:21  Warning: Unexpected any. Specify a different type.  @typescript-eslint/no-explicit-any
1122:25  Warning: 'date' is assigned a value but never used.  @typescript-eslint/no-unused-vars
1127:9  Warning: 'totalAdults' is assigned a value but never used.  @typescript-eslint/no-unused-vars
1128:9  Warning: 'totalChildren' is assigned a value but never used.  @typescript-eslint/no-unused-vars
1129:9  Warning: 'nights' is assigned a value but never used.  @typescript-eslint/no-unused-vars
1130:9  Warning: 'totalPrice' is assigned a value but never used.  @typescript-eslint/no-unused-vars
1133:9  Warning: 'taxPercentage' is assigned a value but never used.  @typescript-eslint/no-unused-vars
1192:13  Warning: Using `<img>` could result in slower LCP and higher bandwidth. Consider using `<Image />` from 
`next/image` or a custom image loader to automatically optimize images. This may incur additional usage or cost from 
your provider. See: https://nextjs.org/docs/messages/no-img-element  @next/next/no-img-element
1208:56  Warning: Unexpected any. Specify a different type.  @typescript-eslint/no-explicit-any
1230:13  Warning: 'res' is assigned a value but never used.  @typescript-eslint/no-unused-vars
1372:9  Warning: 'navigate' is assigned a value but never used.  @typescript-eslint/no-unused-vars
1384:7  Warning: Using `<img>` could result in slower LCP and higher bandwidth. Consider using `<Image />` from 
`next/image` or a custom image loader to automatically optimize images. This may incur additional usage or cost from 
your provider. See: https://nextjs.org/docs/messages/no-img-element  @next/next/no-img-element
1641:123  Warning: Unexpected any. Specify a different type.  @typescript-eslint/no-explicit-any

./src/app/(personal)/book/[[...slug]]/_components/phoneinput.tsx
98:17  Warning: Expected an assignment or function call and instead saw an expression.  
@typescript-eslint/no-unused-expressions

./src/app/(personal)/profile/layout.tsx
5:10  Warning: 'SidebarInset' is defined but never used.  @typescript-eslint/no-unused-vars
5:24  Warning: 'SidebarProvider' is defined but never used.  @typescript-eslint/no-unused-vars
6:10  Warning: 'SiteHeader' is defined but never used.  @typescript-eslint/no-unused-vars
8:10  Warning: 'CommonPagesStyles' is defined but never used.  @typescript-eslint/no-unused-vars
11:3  Warning: 'Tabs' is defined but never used.  @typescript-eslint/no-unused-vars
12:3  Warning: 'TabsContent' is defined but never used.  @typescript-eslint/no-unused-vars
14:3  Warning: 'TabsTrigger' is defined but never used.  @typescript-eslint/no-unused-vars

./src/app/(personal)/profile/_components/app-sidebar.tsx
3:21  Warning: 'usePathname' is defined but never used.  @typescript-eslint/no-unused-vars
7:10  Warning: 'IconLogout' is defined but never used.  @typescript-eslint/no-unused-vars
10:8  Warning: 'TripsAccordion' is defined but never used.  @typescript-eslint/no-unused-vars
11:10  Warning: 'useLogout' is defined but never used.  @typescript-eslint/no-unused-vars
12:10  Warning: 'toast' is defined but never used.  @typescript-eslint/no-unused-vars
19:27  Warning: 'refetch' is assigned a value but never used.  @typescript-eslint/no-unused-vars
20:9  Warning: 'router' is assigned a value but never used.  @typescript-eslint/no-unused-vars
87:9  Warning: 'currentUser' is assigned a value but never used.  @typescript-eslint/no-unused-vars
89:9  Warning: 'navigate' is assigned a value but never used.  @typescript-eslint/no-unused-vars

./src/app/(personal)/profile/_components/image-preview.tsx
10:13  Warning: 'ZoomIn' is defined but never used.  @typescript-eslint/no-unused-vars
33:11  Warning: Using `<img>` could result in slower LCP and higher bandwidth. Consider using `<Image />` from 
`next/image` or a custom image loader to automatically optimize images. This may incur additional usage or cost from 
your provider. See: https://nextjs.org/docs/messages/no-img-element  @next/next/no-img-element

./src/app/(personal)/profile/_components/personal_data/personal_data.tsx
33:21  Warning: Unexpected any. Specify a different type.  @typescript-eslint/no-explicit-any
57:30  Warning: Unexpected any. Specify a different type.  @typescript-eslint/no-explicit-any
72:32  Warning: Unexpected any. Specify a different type.  @typescript-eslint/no-explicit-any
88:14  Warning: 'error' is defined but never used.  @typescript-eslint/no-unused-vars
246:21  Warning: Unexpected any. Specify a different type.  @typescript-eslint/no-explicit-any
257:3  Warning: 'className' is defined but never used.  @typescript-eslint/no-unused-vars
315:21  Warning: Unexpected any. Specify a different type.  @typescript-eslint/no-explicit-any
346:14  Warning: 'error' is defined but never used.  @typescript-eslint/no-unused-vars

./src/app/(personal)/profile/_components/reviews/my-reviews.tsx
8:10  Warning: 'format' is defined but never used.  @typescript-eslint/no-unused-vars
17:10  Warning: 'useGetReviewsQuery' is defined but never used.  @typescript-eslint/no-unused-vars
74:30  Warning: 'id' is defined but never used.  @typescript-eslint/no-unused-vars
75:41  Warning: 'isLoading' is assigned a value but never used.  @typescript-eslint/no-unused-vars
77:11  Warning: 'completedBookings' is assigned a value but never used.  @typescript-eslint/no-unused-vars

./src/app/(personal)/profile/_components/support/Support.tsx
3:14  Warning: The `{}` ("empty object") type allows any non-nullish value, including literals like `0` and `""`.
- If that's what you want, disable this lint rule with an inline comment or configure the 'allowObjectTypes' rule 
option.
- If you want a type meaning "any object", you probably want `object` instead.
- If you want a type meaning "any value", you probably want `unknown` instead.  @typescript-eslint/no-empty-object-type
5:18  Warning: 'props' is defined but never used.  @typescript-eslint/no-unused-vars

./src/app/(personal)/profile/_components/trips/all.tsx
20:8  Warning: 'NProgress' is defined but never used.  @typescript-eslint/no-unused-vars
137:3  Warning: '_id' is defined but never used.  @typescript-eslint/no-unused-vars
151:15  Warning: Using `<img>` could result in slower LCP and higher bandwidth. Consider using `<Image />` from 
`next/image` or a custom image loader to automatically optimize images. This may incur additional usage or cost from 
your provider. See: https://nextjs.org/docs/messages/no-img-element  @next/next/no-img-element

./src/app/(personal)/profile/_components/trips/details-trips.tsx
38:15  Warning: 'res' is assigned a value but never used.  @typescript-eslint/no-unused-vars
88:8  Warning: 'NProgress' is defined but never used.  @typescript-eslint/no-unused-vars
108:13  Warning: Using `<img>` could result in slower LCP and higher bandwidth. Consider using `<Image />` from 
`next/image` or a custom image loader to automatically optimize images. This may incur additional usage or cost from 
your provider. See: https://nextjs.org/docs/messages/no-img-element  @next/next/no-img-element

./src/app/(personal)/profile/_components/trips/mapoverlay.tsx
10:3  Warning: 'ModalFooter' is defined but never used.  @typescript-eslint/no-unused-vars
13:8  Warning: 'MapLocation' is defined but never used.  @typescript-eslint/no-unused-vars

./src/app/(personal)/profile/_components/trips_acordion.tsx
12:51  Warning: 'Icon' is defined but never used.  @typescript-eslint/no-unused-vars

./src/app/(personal)/profile/_components/wishlist/details-lists.tsx
3:10  Warning: 'Share2' is defined but never used.  @typescript-eslint/no-unused-vars
8:10  Warning: 'Input' is defined but never used.  @typescript-eslint/no-unused-vars
91:5  Warning: 'location' is defined but never used.  @typescript-eslint/no-unused-vars
92:5  Warning: 'distance' is defined but never used.  @typescript-eslint/no-unused-vars

./src/app/(personal)/profile/_components/wishlist/wish-list.tsx
7:10  Warning: 'Button' is defined but never used.  @typescript-eslint/no-unused-vars
8:10  Warning: 'Plus' is defined but never used.  @typescript-eslint/no-unused-vars
99:48  Warning: 'i' is defined but never used.  @typescript-eslint/no-unused-vars

./src/app/auth-callback/page.tsx
15:11  Warning: 'nextRoute' is assigned a value but never used.  @typescript-eslint/no-unused-vars

./src/app/toploader.tsx
5:14  Warning: The `{}` ("empty object") type allows any non-nullish value, including literals like `0` and `""`.
- If that's what you want, disable this lint rule with an inline comment or configure the 'allowObjectTypes' rule 
option.
- If you want a type meaning "any object", you probably want `object` instead.
- If you want a type meaning "any value", you probably want `unknown` instead.  @typescript-eslint/no-empty-object-type
7:20  Warning: 'props' is defined but never used.  @typescript-eslint/no-unused-vars

./src/components/animated-modal-demo.tsx
60:19  Warning: Using `<img>` could result in slower LCP and higher bandwidth. Consider using `<Image />` from 
`next/image` or a custom image loader to automatically optimize images. This may incur additional usage or cost from 
your provider. See: https://nextjs.org/docs/messages/no-img-element  @next/next/no-img-element

./src/components/auth/recover/recover.tsx
3:14  Warning: The `{}` ("empty object") type allows any non-nullish value, including literals like `0` and `""`.
- If that's what you want, disable this lint rule with an inline comment or configure the 'allowObjectTypes' rule 
option.
- If you want a type meaning "any object", you probably want `object` instead.
- If you want a type meaning "any value", you probably want `unknown` instead.  @typescript-eslint/no-empty-object-type
5:18  Warning: 'props' is defined but never used.  @typescript-eslint/no-unused-vars

./src/components/auth/_components/forgetpasswordhandelser.tsx
3:10  Warning: 'useSignUp' is defined but never used.  @typescript-eslint/no-unused-vars
13:22  Warning: 'isPassword' is assigned a value but never used.  @typescript-eslint/no-unused-vars
14:22  Warning: 'isConfirmPassword' is assigned a value but never used.  @typescript-eslint/no-unused-vars
15:22  Warning: 'isOtp' is assigned a value but never used.  @typescript-eslint/no-unused-vars

./src/components/auth/_components/ForgotPassword.tsx
21:10  Warning: 'useAuthForm' is defined but never used.  @typescript-eslint/no-unused-vars
22:8  Warning: 'ButtonHandler' is defined but never used.  @typescript-eslint/no-unused-vars
25:35  Warning: 'SignUpProps' is defined but never used.  @typescript-eslint/no-unused-vars

./src/components/auth/_components/otp-form.tsx
27:10  Warning: 'useResetPasswordForm' is defined but never used.  @typescript-eslint/no-unused-vars

./src/components/auth/_components/sign-in-hover.tsx
15:3  Warning: 'FieldSeparator' is defined but never used.  @typescript-eslint/no-unused-vars
47:7  Warning: 'ConnectWithMedia' is assigned a value but never used.  @typescript-eslint/no-unused-vars

./src/components/blankpages/demoo.tsx
3:14  Warning: The `{}` ("empty object") type allows any non-nullish value, including literals like `0` and `""`.
- If that's what you want, disable this lint rule with an inline comment or configure the 'allowObjectTypes' rule 
option.
- If you want a type meaning "any object", you probably want `object` instead.
- If you want a type meaning "any value", you probably want `unknown` instead.  @typescript-eslint/no-empty-object-type
5:15  Warning: 'props' is defined but never used.  @typescript-eslint/no-unused-vars

./src/components/carousel/commetcard.tsx
18:13  Warning: Using `<img>` could result in slower LCP and higher bandwidth. Consider using `<Image />` from 
`next/image` or a custom image loader to automatically optimize images. This may incur additional usage or cost from 
your provider. See: https://nextjs.org/docs/messages/no-img-element  @next/next/no-img-element

./src/components/carousel/onlyColursel.tsx
503:32  Warning: 'type' is defined but never used.  @typescript-eslint/no-unused-vars
636:14  Warning: Component definition is missing display name  react/display-name

./src/components/carousel/tabs-carousel.tsx
7:10  Warning: 'destinations' is defined but never used.  @typescript-eslint/no-unused-vars
8:10  Warning: 'useHotelsQuery' is defined but never used.  @typescript-eslint/no-unused-vars

./src/components/comet-card-demo.tsx
127:3  Warning: 'handleTouchMove' is defined but never used.  @typescript-eslint/no-unused-vars

./src/components/filter-bar/filter-bar-layout.tsx
2:10  Warning: 'FilterBarValues' is defined but never used.  @typescript-eslint/no-unused-vars
2:34  Warning: 'SearchBoxValuesProps' is defined but never used.  @typescript-eslint/no-unused-vars
3:10  Warning: 'AnimatePresence' is defined but never used.  @typescript-eslint/no-unused-vars
3:27  Warning: 'motion' is defined but never used.  @typescript-eslint/no-unused-vars
4:17  Warning: 'act' is defined but never used.  @typescript-eslint/no-unused-vars
4:22  Warning: 'useEffect' is defined but never used.  @typescript-eslint/no-unused-vars
4:33  Warning: 'useRef' is defined but never used.  @typescript-eslint/no-unused-vars
4:41  Warning: 'useState' is defined but never used.  @typescript-eslint/no-unused-vars
5:10  Warning: 'Button' is defined but never used.  @typescript-eslint/no-unused-vars
6:10  Warning: 'Card' is defined but never used.  @typescript-eslint/no-unused-vars
7:10  Warning: 'Input' is defined but never used.  @typescript-eslint/no-unused-vars
9:10  Warning: 'Calendar' is defined but never used.  @typescript-eslint/no-unused-vars
9:20  Warning: 'MapPin' is defined but never used.  @typescript-eslint/no-unused-vars
9:28  Warning: 'Search' is defined but never used.  @typescript-eslint/no-unused-vars
9:36  Warning: 'Users' is defined but never used.  @typescript-eslint/no-unused-vars
12:10  Warning: 'pages' is defined but never used.  @typescript-eslint/no-unused-vars
20:9  Warning: 'router' is assigned a value but never used.  @typescript-eslint/no-unused-vars

./src/components/filter-bar/filterBar.tsx
6:29  Warning: 'ItemDescription' is defined but never used.  @typescript-eslint/no-unused-vars
11:10  Warning: 'Input' is defined but never used.  @typescript-eslint/no-unused-vars

./src/components/filter-bar/fiter_box.tsx
497:3  Warning: 'type' is defined but never used.  @typescript-eslint/no-unused-vars
522:11  Warning: 'html' is assigned a value but never used.  @typescript-eslint/no-unused-vars

./src/components/filter-bar/HotelFilterBar.tsx
18:46  Warning: 'tagline' is defined but never used.  @typescript-eslint/no-unused-vars

./src/components/filter-bar/selectContent.tsx
1:10  Warning: 'MapPin' is defined but never used.  @typescript-eslint/no-unused-vars
2:10  Warning: 'cn' is defined but never used.  @typescript-eslint/no-unused-vars
17:3  Warning: 'items' is defined but never used.  @typescript-eslint/no-unused-vars
18:3  Warning: 'onSelect' is defined but never used.  @typescript-eslint/no-unused-vars

./src/components/filter-bar/SelectScrollable.tsx
3:14  Warning: The `{}` ("empty object") type allows any non-nullish value, including literals like `0` and `""`.
- If that's what you want, disable this lint rule with an inline comment or configure the 'allowObjectTypes' rule 
option.
- If you want a type meaning "any object", you probably want `object` instead.
- If you want a type meaning "any value", you probably want `unknown` instead.  @typescript-eslint/no-empty-object-type
5:27  Warning: 'props' is defined but never used.  @typescript-eslint/no-unused-vars

./src/components/frame-pages/Filter-Frame-Page.tsx
12:9  Warning: 'ismobile' is assigned a value but never used.  @typescript-eslint/no-unused-vars

./src/components/gallery.tsx
36:19  Warning: Using `<img>` could result in slower LCP and higher bandwidth. Consider using `<Image />` from 
`next/image` or a custom image loader to automatically optimize images. This may incur additional usage or cost from 
your provider. See: https://nextjs.org/docs/messages/no-img-element  @next/next/no-img-element
82:10  Warning: 'Button' is defined but never used.  @typescript-eslint/no-unused-vars
91:10  Warning: 'Grid3X3' is defined but never used.  @typescript-eslint/no-unused-vars
91:19  Warning: 'Minus' is defined but never used.  @typescript-eslint/no-unused-vars
91:26  Warning: 'Plus' is defined but never used.  @typescript-eslint/no-unused-vars
98:12  Warning: 'onClick' is defined but never used.  @typescript-eslint/no-unused-vars
161:10  Warning: 'IconView360' is defined but never used.  @typescript-eslint/no-unused-vars
207:19  Warning: Using `<img>` could result in slower LCP and higher bandwidth. Consider using `<Image />` from 
`next/image` or a custom image loader to automatically optimize images. This may incur additional usage or cost from 
your provider. See: https://nextjs.org/docs/messages/no-img-element  @next/next/no-img-element
239:13  Warning: Using `<img>` could result in slower LCP and higher bandwidth. Consider using `<Image />` from 
`next/image` or a custom image loader to automatically optimize images. This may incur additional usage or cost from 
your provider. See: https://nextjs.org/docs/messages/no-img-element  @next/next/no-img-element

./src/components/map/leaf-map.tsx
235:36  Warning: Unexpected any. Specify a different type.  @typescript-eslint/no-explicit-any
246:7  Error: Use "@ts-expect-error" instead of "@ts-ignore", as "@ts-ignore" will do nothing if the following line is 
error-free.  @typescript-eslint/ban-ts-comment
261:41  Warning: Unexpected any. Specify a different type.  @typescript-eslint/no-explicit-any
266:42  Warning: Unexpected any. Specify a different type.  @typescript-eslint/no-explicit-any

./src/components/menubar.tsx
137:3  Warning: 'Home' is defined but never used.  @typescript-eslint/no-unused-vars
160:10  Warning: 'IconLogout' is defined but never used.  @typescript-eslint/no-unused-vars
160:22  Warning: 'IconQuestionMark' is defined but never used.  @typescript-eslint/no-unused-vars
166:34  Warning: 'refetch' is assigned a value but never used.  @typescript-eslint/no-unused-vars
310:23  Warning: 'isLoading' is assigned a value but never used.  @typescript-eslint/no-unused-vars

./src/components/navbar/filter-nav-bar/calander05.tsx
74:10  Warning: 'format' is defined but never used.  @typescript-eslint/no-unused-vars
101:3  Warning: 'methods' is defined but never used.  @typescript-eslint/no-unused-vars

./src/components/navbar/filter-nav-bar/find-filter-bars.tsx
7:10  Warning: 'IconArrowRampRight' is defined but never used.  @typescript-eslint/no-unused-vars
8:10  Warning: 'Button' is defined but never used.  @typescript-eslint/no-unused-vars
10:3  Warning: 'mobile' is defined but never used.  @typescript-eslint/no-unused-vars
20:9  Warning: 'navigate' is assigned a value but never used.  @typescript-eslint/no-unused-vars

./src/components/navbar/filter-nav-bar/searchHotels.tsx
11:14  Warning: The `{}` ("empty object") type allows any non-nullish value, including literals like `0` and `""`.
- If that's what you want, disable this lint rule with an inline comment or configure the 'allowObjectTypes' rule 
option.
- If you want a type meaning "any object", you probably want `object` instead.
- If you want a type meaning "any value", you probably want `unknown` instead.  @typescript-eslint/no-empty-object-type
13:23  Warning: 'props' is defined but never used.  @typescript-eslint/no-unused-vars

./src/components/navbar/logo.tsx
7:14  Warning: The `{}` ("empty object") type allows any non-nullish value, including literals like `0` and `""`.
- If that's what you want, disable this lint rule with an inline comment or configure the 'allowObjectTypes' rule 
option.
- If you want a type meaning "any object", you probably want `object` instead.
- If you want a type meaning "any value", you probably want `unknown` instead.  @typescript-eslint/no-empty-object-type
9:15  Warning: 'props' is defined but never used.  @typescript-eslint/no-unused-vars
14:13  Warning: Using `<img>` could result in slower LCP and higher bandwidth. Consider using `<Image />` from 
`next/image` or a custom image loader to automatically optimize images. This may incur additional usage or cost from 
your provider. See: https://nextjs.org/docs/messages/no-img-element  @next/next/no-img-element

./src/components/navbar/mobilenav.tsx
3:18  Warning: 'AnimatePresence' is defined but never used.  @typescript-eslint/no-unused-vars
7:34  Warning: 'useSearchParams' is defined but never used.  @typescript-eslint/no-unused-vars
14:11  Warning: 'scrollY' is assigned a value but never used.  @typescript-eslint/no-unused-vars
110:10  Warning: 'light' is assigned a value but never used.  @typescript-eslint/no-unused-vars
110:17  Warning: 'setLight' is assigned a value but never used.  @typescript-eslint/no-unused-vars
201:82  Warning: Unexpected any. Specify a different type.  @typescript-eslint/no-explicit-any

./src/components/navbar/nav.wraper.tsx
7:23  Warning: 'useRouter' is defined but never used.  @typescript-eslint/no-unused-vars
11:10  Warning: 'Button' is defined but never used.  @typescript-eslint/no-unused-vars
14:10  Warning: 'Sign_in_hover' is defined but never used.  @typescript-eslint/no-unused-vars
15:8  Warning: 'Link' is defined but never used.  @typescript-eslint/no-unused-vars
17:39  Warning: 'PersistentHeader' is defined but never used.  @typescript-eslint/no-unused-vars
18:10  Warning: 'ChevronDown' is defined but never used.  @typescript-eslint/no-unused-vars
18:23  Warning: 'Mail' is defined but never used.  @typescript-eslint/no-unused-vars
18:29  Warning: 'X' is defined but never used.  @typescript-eslint/no-unused-vars
35:9  Warning: 'mobileHeight' is assigned a value but never used.  @typescript-eslint/no-unused-vars

./src/components/navbar/personal.nav.wraper.tsx
2:17  Warning: 'Suspense' is defined but never used.  @typescript-eslint/no-unused-vars
6:10  Warning: 'Headset' is defined but never used.  @typescript-eslint/no-unused-vars
9:7  Warning: 'MenuBar' is assigned a value but never used.  @typescript-eslint/no-unused-vars
12:6  Warning: 'Props' is defined but never used.  @typescript-eslint/no-unused-vars
12:14  Warning: The `{}` ("empty object") type allows any non-nullish value, including literals like `0` and `""`.
- If that's what you want, disable this lint rule with an inline comment or configure the 'allowObjectTypes' rule 
option.
- If you want a type meaning "any object", you probably want `object` instead.
- If you want a type meaning "any value", you probably want `unknown` instead.  @typescript-eslint/no-empty-object-type
55:10  Warning: 'Button' is defined but never used.  @typescript-eslint/no-unused-vars
58:3  Warning: 'DialogClose' is defined but never used.  @typescript-eslint/no-unused-vars
60:3  Warning: 'DialogDescription' is defined but never used.  @typescript-eslint/no-unused-vars
61:3  Warning: 'DialogFooter' is defined but never used.  @typescript-eslint/no-unused-vars
66:10  Warning: 'Field' is defined but never used.  @typescript-eslint/no-unused-vars
66:17  Warning: 'FieldGroup' is defined but never used.  @typescript-eslint/no-unused-vars
67:10  Warning: 'Input' is defined but never used.  @typescript-eslint/no-unused-vars
68:10  Warning: 'Label' is defined but never used.  @typescript-eslint/no-unused-vars

./src/components/navbar/PopMessages.tsx
1:10  Warning: 'ChevronDown' is defined but never used.  @typescript-eslint/no-unused-vars
1:23  Warning: 'Mail' is defined but never used.  @typescript-eslint/no-unused-vars
3:27  Warning: 'Sign_in_hover' is defined but never used.  @typescript-eslint/no-unused-vars
44:21  Warning: Using `<img>` could result in slower LCP and higher bandwidth. Consider using `<Image />` from 
`next/image` or a custom image loader to automatically optimize images. This may incur additional usage or cost from 
your provider. See: https://nextjs.org/docs/messages/no-img-element  @next/next/no-img-element
64:25  Warning: Using `<img>` could result in slower LCP and higher bandwidth. Consider using `<Image />` from 
`next/image` or a custom image loader to automatically optimize images. This may incur additional usage or cost from 
your provider. See: https://nextjs.org/docs/messages/no-img-element  @next/next/no-img-element

./src/components/navbar/topRight.tsx
1:17  Warning: 'useEffect' is defined but never used.  @typescript-eslint/no-unused-vars
7:10  Warning: 'TypewriterEffect' is defined but never used.  @typescript-eslint/no-unused-vars
11:7  Warning: 'MenuBar' is assigned a value but never used.  @typescript-eslint/no-unused-vars
29:9  Warning: 'router' is assigned a value but never used.  @typescript-eslint/no-unused-vars
30:10  Warning: 'tab' is assigned a value but never used.  @typescript-eslint/no-unused-vars
75:34  Warning: 'refetch' is assigned a value but never used.  @typescript-eslint/no-unused-vars
78:9  Warning: 'isMobile' is assigned a value but never used.  @typescript-eslint/no-unused-vars
81:9  Warning: 'handleNavigate' is assigned a value but never used.  @typescript-eslint/no-unused-vars

./src/components/nuqs/samplenuqsroute.tsx
3:1  Warning: Assign arrow function to a variable before exporting as module default  
import/no-anonymous-default-export
3:16  Warning: Component definition is missing display name  react/display-name

./src/components/Rupee.tsx
3:14  Warning: The `{}` ("empty object") type allows any non-nullish value, including literals like `0` and `""`.
- If that's what you want, disable this lint rule with an inline comment or configure the 'allowObjectTypes' rule 
option.
- If you want a type meaning "any object", you probably want `object` instead.
- If you want a type meaning "any value", you probably want `unknown` instead.  @typescript-eslint/no-empty-object-type
5:16  Warning: 'props' is defined but never used.  @typescript-eslint/no-unused-vars

./src/components/side-bar-filter/counter.tsx
78:34  Warning: Unexpected any. Specify a different type.  @typescript-eslint/no-explicit-any
85:37  Warning: Unexpected any. Specify a different type.  @typescript-eslint/no-explicit-any

./src/components/side-bar-filter/hotel/HotelPileGroup.tsx
1:10  Warning: 'parseAsInteger' is defined but never used.  @typescript-eslint/no-unused-vars
1:26  Warning: 'useQueryState' is defined but never used.  @typescript-eslint/no-unused-vars

./src/components/side-bar-filter/pillGroup.tsx
21:10  Warning: 'arraysEqual' is defined but never used.  @typescript-eslint/no-unused-vars

./src/components/ui/flip-words.tsx
2:41  Warning: 'useRef' is defined but never used.  @typescript-eslint/no-unused-vars
3:35  Warning: 'LayoutGroup' is defined but never used.  @typescript-eslint/no-unused-vars

./src/components/ui/floating-dock.tsx
96:7  Warning: 'mouseX' is never reassigned. Use 'const' instead.  prefer-const
125:3  Warning: 'href' is defined but never used.  @typescript-eslint/no-unused-vars
132:7  Warning: 'ref' is never reassigned. Use 'const' instead.  prefer-const
134:7  Warning: 'distance' is never reassigned. Use 'const' instead.  prefer-const
135:9  Warning: 'bounds' is never reassigned. Use 'const' instead.  prefer-const
140:7  Warning: 'widthTransform' is never reassigned. Use 'const' instead.  prefer-const
141:7  Warning: 'heightTransform' is never reassigned. Use 'const' instead.  prefer-const
143:7  Warning: 'widthTransformIcon' is never reassigned. Use 'const' instead.  prefer-const
144:7  Warning: 'heightTransformIcon' is never reassigned. Use 'const' instead.  prefer-const
150:7  Warning: 'width' is never reassigned. Use 'const' instead.  prefer-const
155:7  Warning: 'height' is never reassigned. Use 'const' instead.  prefer-const
161:7  Warning: 'widthIcon' is never reassigned. Use 'const' instead.  prefer-const
166:7  Warning: 'heightIcon' is never reassigned. Use 'const' instead.  prefer-const
173:9  Warning: 'router' is assigned a value but never used.  @typescript-eslint/no-unused-vars

./src/components/ui/icons.tsx
3:40  Warning: 'Umbrella' is defined but never used.  @typescript-eslint/no-unused-vars
5:3  Warning: 'Speaker' is defined but never used.  @typescript-eslint/no-unused-vars
5:18  Warning: 'Map' is defined but never used.  @typescript-eslint/no-unused-vars
5:30  Warning: 'CreditCard' is defined but never used.  @typescript-eslint/no-unused-vars

./src/components/ui/images-slider.tsx
4:10  Warning: 'StaticImageData' is defined but never used.  @typescript-eslint/no-unused-vars
25:10  Warning: 'loading' is assigned a value but never used.  @typescript-eslint/no-unused-vars
42:6  Warning: React Hook useEffect has a missing dependency: 'loadImages'. Either include it or remove the dependency 
array.  react-hooks/exhaustive-deps
85:6  Warning: React Hook useEffect has missing dependencies: 'autoplay', 'handleNext', and 'handlePrevious'. Either 
include them or remove the dependency array.  react-hooks/exhaustive-deps

./src/components/ui/layout-grid.tsx
17:10  Warning: 'lastSelected' is assigned a value but never used.  @typescript-eslint/no-unused-vars

./src/components/ui/tabs-nav-aty.tsx
146:10  Warning: 'useEffect' is defined but never used.  @typescript-eslint/no-unused-vars
148:10  Warning: 'RouterPush' is defined but never used.  @typescript-eslint/no-unused-vars
165:9  Warning: 'navigate' is assigned a value but never used.  @typescript-eslint/no-unused-vars
169:21  Warning: 'setIsVisible' is assigned a value but never used.  @typescript-eslint/no-unused-vars

./src/components/ui/text-generate-effect.tsx
18:7  Warning: 'wordsArray' is never reassigned. Use 'const' instead.  prefer-const
31:6  Warning: React Hook useEffect has missing dependencies: 'animate', 'duration', and 'filter'. Either include them 
or remove the dependency array. Mutable values like 'scope.current' aren't valid dependencies because mutating them 
doesn't re-render the component.  react-hooks/exhaustive-deps

./src/components/ui/theme-toggle.tsx
1:10  Warning: 'Moon' is defined but never used.  @typescript-eslint/no-unused-vars
1:16  Warning: 'Sun' is defined but never used.  @typescript-eslint/no-unused-vars

./src/components/ui/typewriter-effect.tsx
45:6  Warning: React Hook useEffect has a missing dependency: 'animate'. Either include it or remove the dependency 
array.  react-hooks/exhaustive-deps

./src/constants/constants.tsx
5:10  Warning: 'Icon' is defined but never used.  @typescript-eslint/no-unused-vars
141:60  Warning: 'item' is defined but never used.  @typescript-eslint/no-unused-vars
213:60  Warning: 'item' is defined but never used.  @typescript-eslint/no-unused-vars
233:60  Warning: 'item' is defined but never used.  @typescript-eslint/no-unused-vars

./src/constants/filter-constants.tsx
2:10  Warning: 'amenityIconMap' is defined but never used.  @typescript-eslint/no-unused-vars
7:3  Warning: 'Wifi' is defined but never used.  @typescript-eslint/no-unused-vars
8:3  Warning: 'Snowflake' is defined but never used.  @typescript-eslint/no-unused-vars
9:3  Warning: 'Flame' is defined but never used.  @typescript-eslint/no-unused-vars
10:3  Warning: 'WashingMachine' is defined but never used.  @typescript-eslint/no-unused-vars
11:3  Warning: 'Utensils' is defined but never used.  @typescript-eslint/no-unused-vars
13:3  Warning: 'Wind' is defined but never used.  @typescript-eslint/no-unused-vars
14:3  Warning: 'Droplet' is defined but never used.  @typescript-eslint/no-unused-vars
15:3  Warning: 'Briefcase' is defined but never used.  @typescript-eslint/no-unused-vars
16:3  Warning: 'ConciergeBell' is defined but never used.  @typescript-eslint/no-unused-vars
17:3  Warning: 'Luggage' is defined but never used.  @typescript-eslint/no-unused-vars
18:3  Warning: 'Bus' is defined but never used.  @typescript-eslint/no-unused-vars
19:3  Warning: 'Coffee' is defined but never used.  @typescript-eslint/no-unused-vars
20:3  Warning: 'Waves' is defined but never used.  @typescript-eslint/no-unused-vars
21:3  Warning: 'ParkingSquare' is defined but never used.  @typescript-eslint/no-unused-vars
22:3  Warning: 'Dumbbell' is defined but never used.  @typescript-eslint/no-unused-vars
23:3  Warning: 'UtensilsCrossed' is defined but never used.  @typescript-eslint/no-unused-vars
24:3  Warning: 'MapPin' is defined but never used.  @typescript-eslint/no-unused-vars
25:3  Warning: 'Building' is defined but never used.  @typescript-eslint/no-unused-vars
26:3  Warning: 'Sun' is defined but never used.  @typescript-eslint/no-unused-vars
27:3  Warning: 'Bell' is defined but never used.  @typescript-eslint/no-unused-vars
28:3  Warning: 'DoorOpenIcon' is defined but never used.  @typescript-eslint/no-unused-vars
30:10  Warning: 'Home' is defined but never used.  @typescript-eslint/no-unused-vars
30:16  Warning: 'Layers' is defined but never used.  @typescript-eslint/no-unused-vars
193:6  Warning: 'bedstype' is defined but never used.  @typescript-eslint/no-unused-vars

./src/constants/search-box-components/search-input.tsx
26:6  Warning: React Hook useEffect has a missing dependency: 'setCity'. Either include it or remove the dependency 
array.  react-hooks/exhaustive-deps
69:34  Warning: Unexpected any. Specify a different type.  @typescript-eslint/no-explicit-any

./src/context/hotel/HotelContextProvider.tsx
10:37  Warning: 'useHotelSearch' is defined but never used.  @typescript-eslint/no-unused-vars
74:9  Warning: The 'filters' object makes the dependencies of useMemo Hook (at line 116) change on every render. To 
fix this, wrap the initialization of 'filters' in its own useMemo() Hook.  react-hooks/exhaustive-deps
101:34  Warning: Unexpected any. Specify a different type.  @typescript-eslint/no-explicit-any
130:77  Warning: Unexpected any. Specify a different type.  @typescript-eslint/no-explicit-any

./src/hooks/auth/forgotPassword.ts
7:8  Warning: 'SignUpProps' is defined but never used.  @typescript-eslint/no-unused-vars
8:3  Warning: 'SignUpSchema' is defined but never used.  @typescript-eslint/no-unused-vars
14:10  Warning: 'dotoggleLike' is defined but never used.  @typescript-eslint/no-unused-vars
33:11  Warning: 'refetch' is assigned a value but never used.  @typescript-eslint/no-unused-vars
49:14  Warning: 'error' is defined but never used.  @typescript-eslint/no-unused-vars
75:14  Warning: 'error' is defined but never used.  @typescript-eslint/no-unused-vars
98:14  Warning: 'error' is defined but never used.  @typescript-eslint/no-unused-vars

./src/hooks/auth/use-sign.ts
8:10  Warning: 'useCurrentUser' is defined but never used.  @typescript-eslint/no-unused-vars
26:9  Warning: 'router' is assigned a value but never used.  @typescript-eslint/no-unused-vars
51:14  Warning: 'error' is defined but never used.  @typescript-eslint/no-unused-vars

./src/hooks/auth/use-signup.ts
56:14  Warning: 'error' is defined but never used.  @typescript-eslint/no-unused-vars
77:14  Warning: 'error' is defined but never used.  @typescript-eslint/no-unused-vars

./src/inngest/functions.ts
2:10  Warning: 'dotoggleLike' is defined but never used.  @typescript-eslint/no-unused-vars

./src/providers/main-provider/main-provider.tsx
2:17  Warning: 'useEffect' is defined but never used.  @typescript-eslint/no-unused-vars
10:10  Warning: 'Payment' is defined but never used.  @typescript-eslint/no-unused-vars
10:19  Warning: 'useHotelStore' is defined but never used.  @typescript-eslint/no-unused-vars

./src/providers/ProfileSidebarProvider.tsx
178:17  Warning: 'useEffect' is defined but never used.  @typescript-eslint/no-unused-vars
302:9  Warning: 'pathname' is assigned a value but never used.  @typescript-eslint/no-unused-vars

./src/services/booking/booking.service.ts
12:43  Warning: Unexpected any. Specify a different type.  @typescript-eslint/no-explicit-any

./src/services/dailyfunctions.tsx
10:44  Warning: Unexpected any. Specify a different type.  @typescript-eslint/no-explicit-any
19:10  Warning: 'loading' is assigned a value but never used.  @typescript-eslint/no-unused-vars
19:19  Warning: 'setLoading' is assigned a value but never used.  @typescript-eslint/no-unused-vars
120:9  Warning: 'res' is assigned a value but never used.  @typescript-eslint/no-unused-vars

./src/services/hotel/hotel.service.ts
86:26  Warning: Unexpected any. Specify a different type.  @typescript-eslint/no-explicit-any
87:31  Warning: Unexpected any. Specify a different type.  @typescript-eslint/no-explicit-any
108:19  Warning: Unexpected any. Specify a different type.  @typescript-eslint/no-explicit-any
109:33  Warning: Unexpected any. Specify a different type.  @typescript-eslint/no-explicit-any
114:19  Warning: Unexpected any. Specify a different type.  @typescript-eslint/no-explicit-any
115:35  Warning: Unexpected any. Specify a different type.  @typescript-eslint/no-explicit-any
122:19  Warning: Unexpected any. Specify a different type.  @typescript-eslint/no-explicit-any
123:34  Warning: Unexpected any. Specify a different type.  @typescript-eslint/no-explicit-any
124:19  Warning: Unexpected any. Specify a different type.  @typescript-eslint/no-explicit-any
125:35  Warning: Unexpected any. Specify a different type.  @typescript-eslint/no-explicit-any

./src/services/hotel/querys.ts
8:3  Warning: 'getHotelsForSearch' is defined but never used.  @typescript-eslint/no-unused-vars

info  - Need to disable some ESLint rules? Learn more here: 
https://nextjs.org/docs/app/api-reference/config/eslint#disabling-rules
